2026-01-27T04:06:30.0501622Z Current runner version: '2.331.0'
2026-01-27T04:06:30.0528861Z ##[group]Runner Image Provisioner
2026-01-27T04:06:30.0529709Z Hosted Compute Agent
2026-01-27T04:06:30.0530285Z Version: 20260115.477
2026-01-27T04:06:30.0530909Z Commit: 4b342d620503cbe250a3154040964899ea7c9b00
2026-01-27T04:06:30.0531663Z Build Date: 2026-01-15T22:32:41Z
2026-01-27T04:06:30.0532316Z Worker ID: {b70d27da-9c9d-4485-98fc-2159fa2d40f3}
2026-01-27T04:06:30.0533121Z Azure Region: centralus
2026-01-27T04:06:30.0533676Z ##[endgroup]
2026-01-27T04:06:30.0535085Z ##[group]Operating System
2026-01-27T04:06:30.0535668Z Ubuntu
2026-01-27T04:06:30.0536598Z 24.04.3
2026-01-27T04:06:30.0537047Z LTS
2026-01-27T04:06:30.0537540Z ##[endgroup]
2026-01-27T04:06:30.0538139Z ##[group]Runner Image
2026-01-27T04:06:30.0538686Z Image: ubuntu-24.04
2026-01-27T04:06:30.0539191Z Version: 20260119.4.1
2026-01-27T04:06:30.0540441Z Included Software: https://github.com/actions/runner-images/blob/ubuntu24/20260119.4/images/ubuntu/Ubuntu2404-Readme.md
2026-01-27T04:06:30.0541888Z Image Release: https://github.com/actions/runner-images/releases/tag/ubuntu24%2F20260119.4
2026-01-27T04:06:30.0542902Z ##[endgroup]
2026-01-27T04:06:30.0543986Z ##[group]GITHUB_TOKEN Permissions
2026-01-27T04:06:30.0546386Z Contents: read
2026-01-27T04:06:30.0546941Z Metadata: read
2026-01-27T04:06:30.0547467Z Packages: read
2026-01-27T04:06:30.0547990Z ##[endgroup]
2026-01-27T04:06:30.0550027Z Secret source: Actions
2026-01-27T04:06:30.0551118Z Prepare workflow directory
2026-01-27T04:06:30.0954406Z Prepare all required actions
2026-01-27T04:06:30.1009252Z Getting action download info
2026-01-27T04:06:30.4569086Z Download action repository 'actions/checkout@v4' (SHA:34e114876b0b11c390a56381ad16ebd13914f8d5)
2026-01-27T04:06:30.5794101Z Download action repository 'actions/setup-node@v4' (SHA:49933ea5288caeca8642d1e84afbd3f7d6820020)
2026-01-27T04:06:30.6798719Z Download action repository 'actions/cache@v4' (SHA:0057852bfaa89a56745cba8c7296529d2fc39830)
2026-01-27T04:06:30.9004711Z Complete job name: Run backend Jest tests (18.x)
2026-01-27T04:06:30.9612671Z ##[group]Run actions/checkout@v4
2026-01-27T04:06:30.9613528Z with:
2026-01-27T04:06:30.9613994Z   repository: dieuhanhcongviecxanuicam/xanuicam
2026-01-27T04:06:30.9614798Z   token: ***
2026-01-27T04:06:30.9615193Z   ssh-strict: true
2026-01-27T04:06:30.9615600Z   ssh-user: git
2026-01-27T04:06:30.9616367Z   persist-credentials: true
2026-01-27T04:06:30.9616836Z   clean: true
2026-01-27T04:06:30.9617247Z   sparse-checkout-cone-mode: true
2026-01-27T04:06:30.9617731Z   fetch-depth: 1
2026-01-27T04:06:30.9618132Z   fetch-tags: false
2026-01-27T04:06:30.9618537Z   show-progress: true
2026-01-27T04:06:30.9618958Z   lfs: false
2026-01-27T04:06:30.9619325Z   submodules: false
2026-01-27T04:06:30.9619737Z   set-safe-directory: true
2026-01-27T04:06:30.9620504Z ##[endgroup]
2026-01-27T04:06:31.0908221Z Syncing repository: dieuhanhcongviecxanuicam/xanuicam
2026-01-27T04:06:31.0912607Z ##[group]Getting Git version info
2026-01-27T04:06:31.0914005Z Working directory is '/home/runner/work/xanuicam/xanuicam'
2026-01-27T04:06:31.0916621Z [command]/usr/bin/git version
2026-01-27T04:06:31.0917492Z git version 2.52.0
2026-01-27T04:06:31.0922168Z ##[endgroup]
2026-01-27T04:06:31.0939170Z Temporarily overriding HOME='/home/runner/work/_temp/d5b2ebcf-627d-44c5-8ac3-2300516e3764' before making global git config changes
2026-01-27T04:06:31.0943971Z Adding repository directory to the temporary git global config as a safe directory
2026-01-27T04:06:31.0948244Z [command]/usr/bin/git config --global --add safe.directory /home/runner/work/xanuicam/xanuicam
2026-01-27T04:06:31.0987458Z Deleting the contents of '/home/runner/work/xanuicam/xanuicam'
2026-01-27T04:06:31.0992670Z ##[group]Initializing the repository
2026-01-27T04:06:31.0998100Z [command]/usr/bin/git init /home/runner/work/xanuicam/xanuicam
2026-01-27T04:06:31.1117754Z hint: Using 'master' as the name for the initial branch. This default branch name
2026-01-27T04:06:31.1121026Z hint: will change to "main" in Git 3.0. To configure the initial branch name
2026-01-27T04:06:31.1122854Z hint: to use in all of your new repositories, which will suppress this warning,
2026-01-27T04:06:31.1124305Z hint: call:
2026-01-27T04:06:31.1125028Z hint:
2026-01-27T04:06:31.1126146Z hint: 	git config --global init.defaultBranch <name>
2026-01-27T04:06:31.1127268Z hint:
2026-01-27T04:06:31.1128340Z hint: Names commonly chosen instead of 'master' are 'main', 'trunk' and
2026-01-27T04:06:31.1130054Z hint: 'development'. The just-created branch can be renamed via this command:
2026-01-27T04:06:31.1131415Z hint:
2026-01-27T04:06:31.1132091Z hint: 	git branch -m <name>
2026-01-27T04:06:31.1132888Z hint:
2026-01-27T04:06:31.1133922Z hint: Disable this message with "git config set advice.defaultBranchName false"
2026-01-27T04:06:31.1136269Z Initialized empty Git repository in /home/runner/work/xanuicam/xanuicam/.git/
2026-01-27T04:06:31.1141270Z [command]/usr/bin/git remote add origin https://github.com/dieuhanhcongviecxanuicam/xanuicam
2026-01-27T04:06:31.1997448Z ##[endgroup]
2026-01-27T04:06:31.1999001Z ##[group]Disabling automatic garbage collection
2026-01-27T04:06:31.2001502Z [command]/usr/bin/git config --local gc.auto 0
2026-01-27T04:06:31.2003867Z ##[endgroup]
2026-01-27T04:06:31.2004982Z ##[group]Setting up auth
2026-01-27T04:06:31.2006741Z [command]/usr/bin/git config --local --name-only --get-regexp core\.sshCommand
2026-01-27T04:06:31.2010541Z [command]/usr/bin/git submodule foreach --recursive sh -c "git config --local --name-only --get-regexp 'core\.sshCommand' && git config --local --unset-all 'core.sshCommand' || :"
2026-01-27T04:06:31.2014558Z [command]/usr/bin/git config --local --name-only --get-regexp http\.https\:\/\/github\.com\/\.extraheader
2026-01-27T04:06:31.2019219Z [command]/usr/bin/git submodule foreach --recursive sh -c "git config --local --name-only --get-regexp 'http\.https\:\/\/github\.com\/\.extraheader' && git config --local --unset-all 'http.https://github.com/.extraheader' || :"
2026-01-27T04:06:31.2109319Z [command]/usr/bin/git config --local --name-only --get-regexp ^includeIf\.gitdir:
2026-01-27T04:06:31.2153088Z [command]/usr/bin/git submodule foreach --recursive git config --local --show-origin --name-only --get-regexp remote.origin.url
2026-01-27T04:06:31.2391748Z [command]/usr/bin/git config --local http.https://github.com/.extraheader AUTHORIZATION: basic ***
2026-01-27T04:06:31.2427999Z ##[endgroup]
2026-01-27T04:06:31.2430521Z ##[group]Fetching the repository
2026-01-27T04:06:31.2437988Z [command]/usr/bin/git -c protocol.version=2 fetch --no-tags --prune --no-recurse-submodules --depth=1 origin +2f5129014026e6642b54b42b48654119a22a19a1:refs/remotes/pull/72/merge
2026-01-27T04:06:32.5049041Z From https://github.com/dieuhanhcongviecxanuicam/xanuicam
2026-01-27T04:06:32.5052891Z  * [new ref]         2f5129014026e6642b54b42b48654119a22a19a1 -> pull/72/merge
2026-01-27T04:06:32.5091707Z ##[endgroup]
2026-01-27T04:06:32.5093302Z ##[group]Determining the checkout info
2026-01-27T04:06:32.5095548Z ##[endgroup]
2026-01-27T04:06:32.5098768Z [command]/usr/bin/git sparse-checkout disable
2026-01-27T04:06:32.5140943Z [command]/usr/bin/git config --local --unset-all extensions.worktreeConfig
2026-01-27T04:06:32.5172521Z ##[group]Checking out the ref
2026-01-27T04:06:32.5175543Z [command]/usr/bin/git checkout --progress --force refs/remotes/pull/72/merge
2026-01-27T04:06:32.7290379Z Note: switching to 'refs/remotes/pull/72/merge'.
2026-01-27T04:06:32.7291338Z 
2026-01-27T04:06:32.7292191Z You are in 'detached HEAD' state. You can look around, make experimental
2026-01-27T04:06:32.7294961Z changes and commit them, and you can discard any commits you make in this
2026-01-27T04:06:32.7297264Z state without impacting any branches by switching back to a branch.
2026-01-27T04:06:32.7298495Z 
2026-01-27T04:06:32.7299336Z If you want to create a new branch to retain commits you create, you may
2026-01-27T04:06:32.7301241Z do so (now or later) by using -c with the switch command. Example:
2026-01-27T04:06:32.7302464Z 
2026-01-27T04:06:32.7303329Z   git switch -c <new-branch-name>
2026-01-27T04:06:32.7304154Z 
2026-01-27T04:06:32.7304609Z Or undo this operation with:
2026-01-27T04:06:32.7305351Z 
2026-01-27T04:06:32.7306285Z   git switch -
2026-01-27T04:06:32.7307033Z 
2026-01-27T04:06:32.7308065Z Turn off this advice by setting config variable advice.detachedHead to false
2026-01-27T04:06:32.7309743Z 
2026-01-27T04:06:32.7311347Z HEAD is now at 2f51290 Merge 21ff9c89a95df8dbe177abb337f606b5fe7b852f into f2b7a37500f286320d0b002707344b669ffa12b2
2026-01-27T04:06:32.7320166Z ##[endgroup]
2026-01-27T04:06:32.7348860Z [command]/usr/bin/git log -1 --format=%H
2026-01-27T04:06:32.7372300Z 2f5129014026e6642b54b42b48654119a22a19a1
2026-01-27T04:06:32.7696307Z ##[group]Run actions/setup-node@v4
2026-01-27T04:06:32.7697315Z with:
2026-01-27T04:06:32.7697954Z   node-version: 18.x
2026-01-27T04:06:32.7698683Z   always-auth: false
2026-01-27T04:06:32.7699419Z   check-latest: false
2026-01-27T04:06:32.7700584Z   token: ***
2026-01-27T04:06:32.7701271Z ##[endgroup]
2026-01-27T04:06:32.9587765Z Attempting to download 18.x...
2026-01-27T04:06:33.5742644Z Acquiring 18.20.8 - x64 from https://github.com/actions/node-versions/releases/download/18.20.8-14110393767/node-18.20.8-linux-x64.tar.gz
2026-01-27T04:06:34.1567387Z Extracting ...
2026-01-27T04:06:34.1661873Z [command]/usr/bin/tar xz --strip 1 --warning=no-unknown-keyword --overwrite -C /home/runner/work/_temp/6933567f-640b-4aaa-8fbc-9b190cefc865 -f /home/runner/work/_temp/816d86aa-b4c7-4f7f-a68d-ca048e5faa57
2026-01-27T04:06:35.2756271Z Adding to the cache ...
2026-01-27T04:06:37.6317038Z ##[group]Environment details
2026-01-27T04:06:37.9648931Z node: v18.20.8
2026-01-27T04:06:37.9658366Z npm: 10.8.2
2026-01-27T04:06:37.9658667Z yarn: 1.22.22
2026-01-27T04:06:37.9659361Z ##[endgroup]
2026-01-27T04:06:37.9863905Z ##[group]Run actions/cache@v4
2026-01-27T04:06:37.9864321Z with:
2026-01-27T04:06:37.9864613Z   path: backend/node_modules
2026-01-27T04:06:37.9864995Z   key: Linux-node-18.x-deps
2026-01-27T04:06:37.9865397Z   restore-keys: Linux-node-18.x-

2026-01-27T04:06:37.9866075Z   enableCrossOsArchive: false
2026-01-27T04:06:37.9866466Z   fail-on-cache-miss: false
2026-01-27T04:06:37.9866851Z   lookup-only: false
2026-01-27T04:06:37.9867174Z   save-always: false
2026-01-27T04:06:37.9867501Z ##[endgroup]
2026-01-27T04:06:38.5535548Z Cache not found for input keys: Linux-node-18.x-deps, Linux-node-18.x-
2026-01-27T04:06:38.5620907Z ##[group]Run npm --prefix backend ci --prefer-offline --no-audit --progress=false
2026-01-27T04:06:38.5621918Z [36;1mnpm --prefix backend ci --prefer-offline --no-audit --progress=false[0m
2026-01-27T04:06:38.5659062Z shell: /usr/bin/bash -e {0}
2026-01-27T04:06:38.5659330Z ##[endgroup]
2026-01-27T04:06:41.5103190Z npm warn deprecated supertest@6.3.3: Please upgrade to supertest v7.1.3+, see release notes at https://github.com/forwardemail/supertest/releases/tag/v7.1.3 - maintenance is supported by Forward Email @ https://forwardemail.net
2026-01-27T04:06:41.5429828Z npm warn deprecated rimraf@2.7.1: Rimraf versions prior to v4 are no longer supported
2026-01-27T04:06:41.8393320Z npm warn deprecated lodash.isequal@4.5.0: This package is deprecated. Use require('node:util').isDeepStrictEqual instead.
2026-01-27T04:06:42.2844440Z npm warn deprecated inflight@1.0.6: This module is not supported, and leaks memory. Do not use it. Check out lru-cache if you want a good and tested way to coalesce async requests by a key value, which is much more comprehensive and powerful.
2026-01-27T04:06:42.4010070Z npm warn deprecated glob@7.2.3: Glob versions prior to v9 are no longer supported
2026-01-27T04:06:43.0607609Z npm warn deprecated fstream@1.0.12: This package is no longer supported.
2026-01-27T04:06:44.3738361Z npm warn deprecated superagent@8.1.2: Please upgrade to superagent v10.2.2+, see release notes at https://github.com/forwardemail/superagent/releases/tag/v10.2.2 - maintenance is supported by Forward Email @ https://forwardemail.net
2026-01-27T04:06:53.4333248Z 
2026-01-27T04:06:53.4335146Z > backend@2.0.0 postinstall
2026-01-27T04:06:53.4346137Z > node scripts/postinstall-deploy.js
2026-01-27T04:06:53.4346530Z 
2026-01-27T04:06:53.4692243Z Running backend postinstall deploy checks...
2026-01-27T04:06:53.4705665Z exceljs is installed.
2026-01-27T04:06:53.4708169Z NODE_ENV != production, skipping pm2 restart.
2026-01-27T04:06:53.4852151Z 
2026-01-27T04:06:53.4854097Z added 569 packages in 15s
2026-01-27T04:06:53.4858965Z 
2026-01-27T04:06:53.4859281Z 72 packages are looking for funding
2026-01-27T04:06:53.4861336Z   run `npm fund` for details
2026-01-27T04:06:53.5151323Z ##[group]Run npm --prefix backend test --silent -- --runInBand
2026-01-27T04:06:53.5151791Z [36;1mnpm --prefix backend test --silent -- --runInBand[0m
2026-01-27T04:06:53.5184061Z shell: /usr/bin/bash -e {0}
2026-01-27T04:06:53.5184296Z env:
2026-01-27T04:06:53.5184459Z   NODE_ENV: test
2026-01-27T04:06:53.5184645Z ##[endgroup]
2026-01-27T04:06:55.6737569Z FAIL tests/integration/taskCancel.integration.test.js
2026-01-27T04:06:55.7043731Z   ● Console
2026-01-27T04:06:55.7044516Z 
2026-01-27T04:06:55.7044848Z     console.warn
2026-01-27T04:06:55.7045925Z       JWT_SECRET not set — generating temporary runtime secret (not for production).
2026-01-27T04:06:55.7046499Z 
2026-01-27T04:06:55.7047371Z     [0m [90m 20 |[39m [90m// Ensure critical secrets exist at runtime; if missing, generate temporary values[39m
2026-01-27T04:06:55.7048743Z      [90m 21 |[39m [36mif[39m ([33m![39mprocess[33m.[39menv[33m.[39m[33mJWT_SECRET[39m) {
2026-01-27T04:06:55.7050593Z     [31m[1m>[22m[39m[90m 22 |[39m   console[33m.[39mwarn([32m'JWT_SECRET not set — generating temporary runtime secret (not for production).'[39m)[33m;[39m
2026-01-27T04:06:55.7051942Z      [90m    |[39m           [31m[1m^[22m[39m
2026-01-27T04:06:55.7053486Z      [90m 23 |[39m   process[33m.[39menv[33m.[39m[33mJWT_SECRET[39m [33m=[39m crypto[33m.[39mrandomBytes([35m32[39m)[33m.[39mtoString([32m'hex'[39m)[33m;[39m
2026-01-27T04:06:55.7054663Z      [90m 24 |[39m }
2026-01-27T04:06:55.7055580Z      [90m 25 |[39m [36mif[39m ([33m![39mprocess[33m.[39menv[33m.[39m[33mAUDIT_LOG_KEY[39m) {[0m
2026-01-27T04:06:55.7056395Z 
2026-01-27T04:06:55.7056620Z       at Object.warn (server.js:22:11)
2026-01-27T04:06:55.7057373Z       at Object.require (tests/integration/taskCancel.integration.test.js:65:20)
2026-01-27T04:06:55.7057910Z 
2026-01-27T04:06:55.7058070Z     console.warn
2026-01-27T04:06:55.7058923Z       AUDIT_LOG_KEY not set — generating temporary 32-byte key (not for production).
2026-01-27T04:06:55.7059482Z 
2026-01-27T04:06:55.7059702Z     [0m [90m 24 |[39m }
2026-01-27T04:06:55.7060654Z      [90m 25 |[39m [36mif[39m ([33m![39mprocess[33m.[39menv[33m.[39m[33mAUDIT_LOG_KEY[39m) {
2026-01-27T04:06:55.7062478Z     [31m[1m>[22m[39m[90m 26 |[39m   console[33m.[39mwarn([32m'AUDIT_LOG_KEY not set — generating temporary 32-byte key (not for production).'[39m)[33m;[39m
2026-01-27T04:06:55.7063901Z      [90m    |[39m           [31m[1m^[22m[39m
2026-01-27T04:06:55.7065559Z      [90m 27 |[39m   process[33m.[39menv[33m.[39m[33mAUDIT_LOG_KEY[39m [33m=[39m crypto[33m.[39mrandomBytes([35m32[39m)[33m.[39mtoString([32m'base64'[39m)[33m;[39m
2026-01-27T04:06:55.7067056Z      [90m 28 |[39m }
2026-01-27T04:06:55.7067498Z      [90m 29 |[39m[0m
2026-01-27T04:06:55.7067754Z 
2026-01-27T04:06:55.7067965Z       at Object.warn (server.js:26:11)
2026-01-27T04:06:55.7068736Z       at Object.require (tests/integration/taskCancel.integration.test.js:65:20)
2026-01-27T04:06:55.7069585Z 
2026-01-27T04:06:55.7069763Z     console.log
2026-01-27T04:06:55.7070462Z       Not serving frontend build (NODE_ENV != production and SERVE_FRONTEND != true).
2026-01-27T04:06:55.7071053Z 
2026-01-27T04:06:55.7071283Z       at Object.log (server.js:465:13)
2026-01-27T04:06:55.7071579Z 
2026-01-27T04:06:55.7072300Z   ● PATCH /api/tasks/:id/status integration › creator or edit_delete_task can cancel a task
2026-01-27T04:06:55.7073304Z 
2026-01-27T04:06:55.7073522Z     expected 200 "OK", got 403 "Forbidden"
2026-01-27T04:06:55.7073841Z 
2026-01-27T04:06:55.7074372Z     [0m [90m 89 |[39m       [33m.[39mpatch([32m`/api/tasks/${id}/status`[39m)
2026-01-27T04:06:55.7076300Z      [90m 90 |[39m       [33m.[39msend({ status[33m:[39m [32m'Đã hủy'[39m[33m,[39m details[33m:[39m [32m'cancel from integration test'[39m })
2026-01-27T04:06:55.7077703Z     [31m[1m>[22m[39m[90m 91 |[39m       [33m.[39mexpect([35m200[39m)[33m;[39m
2026-01-27T04:06:55.7078845Z      [90m    |[39m        [31m[1m^[22m[39m
2026-01-27T04:06:55.7079442Z      [90m 92 |[39m
2026-01-27T04:06:55.7080681Z      [90m 93 |[39m     expect(patchRes[33m.[39mbody)[33m.[39mtoHaveProperty([32m'status'[39m[33m,[39m [32m'Đã hủy'[39m)[33m;[39m
2026-01-27T04:06:55.7081827Z      [90m 94 |[39m   })[33m;[39m[0m
2026-01-27T04:06:55.7082129Z 
2026-01-27T04:06:55.7082603Z       at Object.expect (tests/integration/taskCancel.integration.test.js:91:8)
2026-01-27T04:06:55.7083295Z       ----
2026-01-27T04:06:55.7083876Z       at Test._assertStatus (node_modules/supertest/lib/test.js:252:14)
2026-01-27T04:06:55.7084601Z       at node_modules/supertest/lib/test.js:308:13
2026-01-27T04:06:55.7085350Z       at Test._assertFunction (node_modules/supertest/lib/test.js:285:13)
2026-01-27T04:06:55.7086389Z       at Test.assert (node_modules/supertest/lib/test.js:164:23)
2026-01-27T04:06:55.7087193Z       at Server.localAssert (node_modules/supertest/lib/test.js:120:14)
2026-01-27T04:06:55.7087686Z 
2026-01-27T04:06:57.7274304Z PASS tests/export.integration.test.js
2026-01-27T04:06:57.7443418Z   ● Console
2026-01-27T04:06:57.7443667Z 
2026-01-27T04:06:57.7443816Z     console.warn
2026-01-27T04:06:57.7444729Z       JWT_SECRET not set — generating temporary runtime secret (not for production).
2026-01-27T04:06:57.7445324Z 
2026-01-27T04:06:57.7446405Z     [0m [90m 20 |[39m [90m// Ensure critical secrets exist at runtime; if missing, generate temporary values[39m
2026-01-27T04:06:57.7447833Z      [90m 21 |[39m [36mif[39m ([33m![39mprocess[33m.[39menv[33m.[39m[33mJWT_SECRET[39m) {
2026-01-27T04:06:57.7449598Z     [31m[1m>[22m[39m[90m 22 |[39m   console[33m.[39mwarn([32m'JWT_SECRET not set — generating temporary runtime secret (not for production).'[39m)[33m;[39m
2026-01-27T04:06:57.7450929Z      [90m    |[39m           [31m[1m^[22m[39m
2026-01-27T04:06:57.7452525Z      [90m 23 |[39m   process[33m.[39menv[33m.[39m[33mJWT_SECRET[39m [33m=[39m crypto[33m.[39mrandomBytes([35m32[39m)[33m.[39mtoString([32m'hex'[39m)[33m;[39m
2026-01-27T04:06:57.7453715Z      [90m 24 |[39m }
2026-01-27T04:06:57.7454607Z      [90m 25 |[39m [36mif[39m ([33m![39mprocess[33m.[39menv[33m.[39m[33mAUDIT_LOG_KEY[39m) {[0m
2026-01-27T04:06:57.7455225Z 
2026-01-27T04:06:57.7455439Z       at Object.warn (server.js:22:11)
2026-01-27T04:06:57.7456295Z       at Object.require (tests/export.integration.test.js:23:20)
2026-01-27T04:06:57.7456740Z 
2026-01-27T04:06:57.7456887Z     console.warn
2026-01-27T04:06:57.7457678Z       AUDIT_LOG_KEY not set — generating temporary 32-byte key (not for production).
2026-01-27T04:06:57.7458240Z 
2026-01-27T04:06:57.7458457Z     [0m [90m 24 |[39m }
2026-01-27T04:06:57.7459229Z      [90m 25 |[39m [36mif[39m ([33m![39mprocess[33m.[39menv[33m.[39m[33mAUDIT_LOG_KEY[39m) {
2026-01-27T04:06:57.7460951Z     [31m[1m>[22m[39m[90m 26 |[39m   console[33m.[39mwarn([32m'AUDIT_LOG_KEY not set — generating temporary 32-byte key (not for production).'[39m)[33m;[39m
2026-01-27T04:06:57.7462275Z      [90m    |[39m           [31m[1m^[22m[39m
2026-01-27T04:06:57.7463963Z      [90m 27 |[39m   process[33m.[39menv[33m.[39m[33mAUDIT_LOG_KEY[39m [33m=[39m crypto[33m.[39mrandomBytes([35m32[39m)[33m.[39mtoString([32m'base64'[39m)[33m;[39m
2026-01-27T04:06:57.7465173Z      [90m 28 |[39m }
2026-01-27T04:06:57.7465587Z      [90m 29 |[39m[0m
2026-01-27T04:06:57.7466487Z 
2026-01-27T04:06:57.7466722Z       at Object.warn (server.js:26:11)
2026-01-27T04:06:57.7467395Z       at Object.require (tests/export.integration.test.js:23:20)
2026-01-27T04:06:57.7467852Z 
2026-01-27T04:06:57.7467991Z     console.log
2026-01-27T04:06:57.7469072Z       Not serving frontend build (NODE_ENV != production and SERVE_FRONTEND != true).
2026-01-27T04:06:57.7477642Z 
2026-01-27T04:06:57.7478083Z       at Object.log (server.js:465:13)
2026-01-27T04:06:57.7479272Z 
2026-01-27T04:06:57.7479445Z     console.log
2026-01-27T04:06:57.7480308Z       [exportConfigs] PDF export: rows=2 generated_bytes=2194
2026-01-27T04:06:57.7480868Z 
2026-01-27T04:06:57.7481567Z       at PassThrough.log (src/controllers/computerConfigsController.js:284:21)
2026-01-27T04:06:57.7482131Z 
2026-01-27T04:06:57.7908206Z PASS tests/userUnlock.test.js
2026-01-27T04:06:57.7920535Z 
2026-01-27T04:06:57.7929203Z Test Suites: 1 failed, 2 passed, 3 total
2026-01-27T04:06:57.7938860Z Tests:       1 failed, 2 passed, 3 total
2026-01-27T04:06:57.7939196Z Snapshots:   0 total
2026-01-27T04:06:57.7939422Z Time:        3.726 s
2026-01-27T04:06:57.7939633Z Ran all test suites.
2026-01-27T04:06:57.9296608Z ##[error]Process completed with exit code 1.
2026-01-27T04:06:57.9386961Z Post job cleanup.
2026-01-27T04:06:58.0330226Z [command]/usr/bin/git version
2026-01-27T04:06:58.0369857Z git version 2.52.0
2026-01-27T04:06:58.0414267Z Temporarily overriding HOME='/home/runner/work/_temp/9430c7a4-25d0-44c4-8479-9d014080ff0d' before making global git config changes
2026-01-27T04:06:58.0416989Z Adding repository directory to the temporary git global config as a safe directory
2026-01-27T04:06:58.0431468Z [command]/usr/bin/git config --global --add safe.directory /home/runner/work/xanuicam/xanuicam
2026-01-27T04:06:58.0467025Z [command]/usr/bin/git config --local --name-only --get-regexp core\.sshCommand
2026-01-27T04:06:58.0503736Z [command]/usr/bin/git submodule foreach --recursive sh -c "git config --local --name-only --get-regexp 'core\.sshCommand' && git config --local --unset-all 'core.sshCommand' || :"
2026-01-27T04:06:58.0743521Z [command]/usr/bin/git config --local --name-only --get-regexp http\.https\:\/\/github\.com\/\.extraheader
2026-01-27T04:06:58.0767241Z http.https://github.com/.extraheader
2026-01-27T04:06:58.0781288Z [command]/usr/bin/git config --local --unset-all http.https://github.com/.extraheader
2026-01-27T04:06:58.0814564Z [command]/usr/bin/git submodule foreach --recursive sh -c "git config --local --name-only --get-regexp 'http\.https\:\/\/github\.com\/\.extraheader' && git config --local --unset-all 'http.https://github.com/.extraheader' || :"
2026-01-27T04:06:58.1054558Z [command]/usr/bin/git config --local --name-only --get-regexp ^includeIf\.gitdir:
2026-01-27T04:06:58.1088002Z [command]/usr/bin/git submodule foreach --recursive git config --local --show-origin --name-only --get-regexp remote.origin.url
2026-01-27T04:06:58.1423411Z Cleaning up orphan processes
